// Jest Snapshot v1, https://goo.gl/fbAQLP

exports[`should render NotFoundPage 1`] = `
<div>
  <Connect(Header) />
  <div
    className="content-container not-found-message"
  >
    <h1>
      404 - Page Not Found
    </h1>
    <p>
      <Link
        className="not-found-message__link"
        replace={false}
        to="/"
      >
        Go home
      </Link>
    </p>
  </div>
</div>
`;
